Resource Usage Summary report for top
Thu Feb 11 15:09:22 2021
Quartus Prime Version 19.4.0 Build 64 12/04/2019 SC Pro Edition


---------------------
; Table of Contents ;
---------------------
  1. Legal Notice
  2. Fitter Resource Usage Summary



----------------
; Legal Notice ;
----------------
Copyright (C) 2019  Intel Corporation. All rights reserved.
Your use of Intel Corporation's design tools, logic functions 
and other software and tools, and any partner logic 
functions, and any output files from any of the foregoing 
(including device programming or simulation files), and any 
associated documentation or information are expressly subject 
to the terms and conditions of the Intel Program License 
Subscription Agreement, the Intel Quartus Prime License Agreement,
the Intel FPGA IP License Agreement, or other applicable license
agreement, including, without limitation, that your use is for
the sole purpose of programming logic devices manufactured by
Intel and sold by Intel or its authorized distributors.  Please
refer to the applicable agreement for further details, at
https://fpgasoftware.intel.com/eula.



+---------------------------------------------------------------------------------------------+
; Fitter Resource Usage Summary                                                               ;
+-------------------------------------------------------------+-----------------------+-------+
; Resource                                                    ; Usage                 ; %     ;
+-------------------------------------------------------------+-----------------------+-------+
; Logic utilization (ALMs needed / total ALMs on device)      ; 1,641 / 31,000        ; 5 %   ;
; ALMs needed [=A-B+C]                                        ; 1,641                 ;       ;
;     [A] ALMs used in final placement [=a+b+c+d]             ; 2,050 / 31,000        ; 7 %   ;
;         [a] ALMs used for LUT logic and registers           ; 630                   ;       ;
;         [b] ALMs used for LUT logic                         ; 811                   ;       ;
;         [c] ALMs used for registers                         ; 609                   ;       ;
;         [d] ALMs used for memory (up to half of total ALMs) ; 0                     ;       ;
;     [B] Estimate of ALMs recoverable by dense packing       ; 423 / 31,000          ; 1 %   ;
;     [C] Estimate of ALMs unavailable [=a+b+c+d]             ; 14 / 31,000           ; < 1 % ;
;         [a] Due to location constrained logic               ; 0                     ;       ;
;         [b] Due to LAB-wide signal conflicts                ; 5                     ;       ;
;         [c] Due to LAB input limits                         ; 9                     ;       ;
;         [d] Due to virtual I/Os                             ; 0                     ;       ;
;                                                             ;                       ;       ;
; Difficulty packing design                                   ; Low                   ;       ;
;                                                             ;                       ;       ;
; Total LABs:  partially or completely used                   ; 234 / 3,100           ; 8 %   ;
;     -- Logic LABs                                           ; 234                   ;       ;
;     -- Memory LABs (up to half of total LABs)               ; 0                     ;       ;
;                                                             ;                       ;       ;
; Combinational ALUT usage for logic                          ; 2,350                 ;       ;
;     -- 7 input functions                                    ; 23                    ;       ;
;     -- 6 input functions                                    ; 678                   ;       ;
;     -- 5 input functions                                    ; 398                   ;       ;
;     -- 4 input functions                                    ; 302                   ;       ;
;     -- <=3 input functions                                  ; 949                   ;       ;
; Combinational ALUT usage for route-throughs                 ; 823                   ;       ;
;                                                             ;                       ;       ;
; Dedicated logic registers                                   ; 2,950                 ;       ;
;     -- By type:                                             ;                       ;       ;
;         -- Primary logic registers                          ; 2,477 / 62,000        ; 4 %   ;
;         -- Secondary logic registers                        ; 473 / 62,000          ; < 1 % ;
;     -- By function:                                         ;                       ;       ;
;         -- Design implementation registers                  ; 2,829                 ;       ;
;         -- Routing optimization registers                   ; 121                   ;       ;
;                                                             ;                       ;       ;
; ALMs adjustment for power estimation                        ; 156                   ;       ;
;                                                             ;                       ;       ;
; Virtual pins                                                ; 0                     ;       ;
; I/O pins                                                    ; 37 / 216              ; 17 %  ;
;     -- Clock pins                                           ; 1 / 10                ; 10 %  ;
;     -- Dedicated input pins                                 ; 0 / 23                ; 0 %   ;
;                                                             ;                       ;       ;
; M20K blocks                                                 ; 26 / 291              ; 9 %   ;
; Total MLAB memory bits                                      ; 0                     ;       ;
; Total block memory bits                                     ; 277,248 / 5,959,680   ; 5 %   ;
; Total block memory implementation bits                      ; 532,480 / 5,959,680   ; 9 %   ;
;                                                             ;                       ;       ;
; DSP Blocks Needed [=A+B-C]                                  ; 3 / 84                ; 4 %   ;
;     [A] Total Fixed Point DSP Blocks                        ; 4                     ;       ;
;     [B] Total Floating Point DSP Blocks                     ; 0                     ;       ;
;     [C] Estimate of DSP Blocks recoverable by dense merging ; 1                     ;       ;
;                                                             ;                       ;       ;
; IOPLLs                                                      ; 0 / 4                 ; 0 %   ;
; FPLLs                                                       ; 0 / 8                 ; 0 %   ;
; Global signals                                              ; 1                     ;       ;
;     -- Global clocks                                        ; 1 / 32                ; 3 %   ;
;     -- Regional clocks                                      ; 0 / 8                 ; 0 %   ;
;     -- Periphery clocks                                     ; 0 / 144               ; 0 %   ;
; JTAGs                                                       ; 0 / 1                 ; 0 %   ;
; ASMI blocks                                                 ; 0 / 1                 ; 0 %   ;
; CRC blocks                                                  ; 0 / 1                 ; 0 %   ;
; Remote update blocks                                        ; 0 / 1                 ; 0 %   ;
; Oscillator blocks                                           ; 0 / 1                 ; 0 %   ;
; PCIe Hard IPs                                               ; 0 / 1                 ; 0 %   ;
; HSSI RX PCSs                                                ; 0 / 6                 ; 0 %   ;
; HSSI PMA RX DESERs                                          ; 0 / 6                 ; 0 %   ;
; HSSI TX PCSs                                                ; 0 / 6                 ; 0 %   ;
; HSSI PMA TX SERs                                            ; 0 / 6                 ; 0 %   ;
; HSSI CDR PLL                                                ; 0 / 6                 ; 0 %   ;
;     -- CDR PLLs for Unused RX Clock Workaround              ; 0 / 6                 ; 0 %   ;
; HSSI ATX PLL                                                ; 0 / 2                 ; 0 %   ;
; Impedance control blocks                                    ; 0 / 7                 ; 0 %   ;
; Average interconnect usage (total/H/V)                      ; 4.3% / 5.5% / 2.3%    ;       ;
; Peak interconnect usage (total/H/V)                         ; 37.0% / 39.7% / 33.3% ;       ;
; Maximum fan-out                                             ; 3146                  ;       ;
; Highest non-global fan-out                                  ; 610                   ;       ;
; Total fan-out                                               ; 23226                 ;       ;
; Average fan-out                                             ; 4.14                  ;       ;
+-------------------------------------------------------------+-----------------------+-------+


